TLC2 Version 2026.09.23.154203 (rev: 4260e47)
Running breadth-first search Model-Checking with fp 38 and seed -8112025686872295270 with 2 workers on 24 cores with 27300MB heap and 64MB offheap memory [pid: 2905] (Mac OS X 26.6.2 aarch64, Homebrew 23.0.2 64bit, MSBDiskFPSet, DiskStateQueue).
Parsing file LabReconcile.tla
Parsing file Naturals.tla (jar:file:tla2tools.jar!/tla2sany/StandardModules/Naturals.tla)
Parsing file Sequences.tla (jar:file:tla2tools.jar!/tla2sany/StandardModules/Sequences.tla)
Parsing file FiniteSets.tla (jar:file:tla2tools.jar!/tla2sany/StandardModules/FiniteSets.tla)
Parsing file _TLCTrace.tla (jar:file:tla2tools.jar!/tla2sany/StandardModules/_TLCTrace.tla)
Parsing file TLC.tla (jar:file:tla2tools.jar!/tla2sany/StandardModules/TLC.tla)
Parsing file TLCExt.tla (jar:file:tla2tools.jar!/tla2sany/StandardModules/TLCExt.tla)
Parsing file Integers.tla (jar:file:tla2tools.jar!/tla2sany/StandardModules/Integers.tla)
Semantic processing of module Naturals
Semantic processing of module Sequences
Semantic processing of module FiniteSets
Semantic processing of module TLC
Semantic processing of module Integers
Semantic processing of module TLCExt
Semantic processing of module _TLCTrace
Semantic processing of module LabReconcile
Linting of module TLCExt
Linting of module _TLCTrace
Linting of module LabReconcile
Starting... (2026-09-24 13:21:05)
Implied-temporal checking--satisfiability problem has 3 branches.
Computing initial states...
Finished computing initial states: 1 distinct state generated at 2026-09-24 13:21:05.
Checking 3 branches of temporal properties for the current state space with 113862 total distinct states at (2026-09-24 13:21:08)
Finished checking temporal properties in 00s at 2026-09-24 13:21:09
Progress(14) at 2026-09-24 13:21:09: 93,829 states generated (93,829 s/min), 37,954 distinct states found (37,954 ds/min), 12,577 states left on queue.
Progress(25) at 2026-09-24 13:21:25: 640,220 states generated, 293,968 distinct states found, 0 states left on queue.
Checking 3 branches of temporal properties for the complete state space with 881904 total distinct states at (2026-09-24 13:21:25)
Error: Temporal property EveryStartedTerminates was violated.

Error: The following behavior constitutes a counter-example:

State 1: <Initial predicate>
/\ nMerge = 0
/\ running = [stab |-> 0, dev |-> 0]
/\ mut = << [ proj |-> "none",
     actor |-> "none",
     target |-> 0,
     prior |-> 0,
     start |-> 0,
     deadline |-> 0,
     status |-> "none" ],
   [ proj |-> "none",
     actor |-> "none",
     target |-> 0,
     prior |-> 0,
     start |-> 0,
     deadline |-> 0,
     status |-> "none" ],
   [ proj |-> "none",
     actor |-> "none",
     target |-> 0,
     prior |-> 0,
     start |-> 0,
     deadline |-> 0,
     status |-> "none" ] >>
/\ now = 0
/\ nextId = 1
/\ desired = [stab |-> 0, dev |-> 0]
/\ nRel = 0
/\ pendingStab = 0
/\ agentQueue = 0
/\ receipts = <<<<>>, <<>>, <<>>>>
/\ nHand = [stab |-> 0, dev |-> 0]
/\ rolledBack = [stab |-> FALSE, dev |-> FALSE]

State 2: <ReleaseEvent line 118, col 5 to line 122, col 95 of module LabReconcile>
/\ nMerge = 0
/\ running = [stab |-> 0, dev |-> 0]
/\ mut = << [ proj |-> "none",
     actor |-> "none",
     target |-> 0,
     prior |-> 0,
     start |-> 0,
     deadline |-> 0,
     status |-> "none" ],
   [ proj |-> "none",
     actor |-> "none",
     target |-> 0,
     prior |-> 0,
     start |-> 0,
     deadline |-> 0,
     status |-> "none" ],
   [ proj |-> "none",
     actor |-> "none",
     target |-> 0,
     prior |-> 0,
     start |-> 0,
     deadline |-> 0,
     status |-> "none" ] >>
/\ now = 0
/\ nextId = 1
/\ desired = [stab |-> 1, dev |-> 0]
/\ nRel = 1
/\ pendingStab = 1
/\ agentQueue = 0
/\ receipts = <<<<>>, <<>>, <<>>>>
/\ nHand = [stab |-> 0, dev |-> 0]
/\ rolledBack = [stab |-> FALSE, dev |-> FALSE]

State 3: <DispatcherGrant line 138, col 5 to line 144, col 97 of module LabReconcile>
/\ nMerge = 0
/\ running = [stab |-> 0, dev |-> 0]
/\ mut = << [ proj |-> "stab",
     actor |-> "dispatcher",
     target |-> 1,
     prior |-> 0,
     start |-> 0,
     deadline |-> 2,
     status |-> "forward" ],
   [ proj |-> "none",
     actor |-> "none",
     target |-> 0,
     prior |-> 0,
     start |-> 0,
     deadline |-> 0,
     status |-> "none" ],
   [ proj |-> "none",
     actor |-> "none",
     target |-> 0,
     prior |-> 0,
     start |-> 0,
     deadline |-> 0,
     status |-> "none" ] >>
/\ now = 0
/\ nextId = 2
/\ desired = [stab |-> 1, dev |-> 0]
/\ nRel = 1
/\ pendingStab = 0
/\ agentQueue = 0
/\ receipts = <<<<>>, <<>>, <<>>>>
/\ nHand = [stab |-> 0, dev |-> 0]
/\ rolledBack = [stab |-> FALSE, dev |-> FALSE]

State 4: <RuntimeMerge line 128, col 5 to line 134, col 94 of module LabReconcile>
/\ nMerge = 1
/\ running = [stab |-> 0, dev |-> 0]
/\ mut = << [ proj |-> "stab",
     actor |-> "dispatcher",
     target |-> 1,
     prior |-> 0,
     start |-> 0,
     deadline |-> 2,
     status |-> "forward" ],
   [ proj |-> "none",
     actor |-> "none",
     target |-> 0,
     prior |-> 0,
     start |-> 0,
     deadline |-> 0,
     status |-> "none" ],
   [ proj |-> "none",
     actor |-> "none",
     target |-> 0,
     prior |-> 0,
     start |-> 0,
     deadline |-> 0,
     status |-> "none" ] >>
/\ now = 0
/\ nextId = 2
/\ desired = [stab |-> 1, dev |-> 1]
/\ nRel = 1
/\ pendingStab = 0
/\ agentQueue = 1
/\ receipts = <<<<>>, <<>>, <<>>>>
/\ nHand = [stab |-> 0, dev |-> 0]
/\ rolledBack = [stab |-> FALSE, dev |-> FALSE]

State 5: <AgentStart line 154, col 5 to line 159, col 98 of module LabReconcile>
/\ nMerge = 1
/\ running = [stab |-> 0, dev |-> 0]
/\ mut = << [ proj |-> "stab",
     actor |-> "dispatcher",
     target |-> 1,
     prior |-> 0,
     start |-> 0,
     deadline |-> 2,
     status |-> "forward" ],
   [ proj |-> "dev",
     actor |-> "agent",
     target |-> 1,
     prior |-> 0,
     start |-> 0,
     deadline |-> 2,
     status |-> "forward" ],
   [ proj |-> "none",
     actor |-> "none",
     target |-> 0,
     prior |-> 0,
     start |-> 0,
     deadline |-> 0,
     status |-> "none" ] >>
/\ now = 0
/\ nextId = 3
/\ desired = [stab |-> 1, dev |-> 1]
/\ nRel = 1
/\ pendingStab = 0
/\ agentQueue = 0
/\ receipts = <<<<>>, <<>>, <<>>>>
/\ nHand = [stab |-> 0, dev |-> 0]
/\ rolledBack = [stab |-> FALSE, dev |-> FALSE]

State 6: <ForwardNoRollback(2) line 198, col 5 to line 201, col 35 of module LabReconcile>
/\ nMerge = 1
/\ running = [stab |-> 0, dev |-> 99]
/\ mut = << [ proj |-> "stab",
     actor |-> "dispatcher",
     target |-> 1,
     prior |-> 0,
     start |-> 0,
     deadline |-> 2,
     status |-> "forward" ],
   [ proj |-> "dev",
     actor |-> "agent",
     target |-> 1,
     prior |-> 0,
     start |-> 0,
     deadline |-> 2,
     status |-> "closing" ],
   [ proj |-> "none",
     actor |-> "none",
     target |-> 0,
     prior |-> 0,
     start |-> 0,
     deadline |-> 0,
     status |-> "none" ] >>
/\ now = 0
/\ nextId = 3
/\ desired = [stab |-> 1, dev |-> 1]
/\ nRel = 1
/\ pendingStab = 0
/\ agentQueue = 0
/\ receipts = <<<<>>, <<"FAILED_STRANDED">>, <<>>>>
/\ nHand = [stab |-> 0, dev |-> 0]
/\ rolledBack = [stab |-> FALSE, dev |-> FALSE]

State 7: <ReleaseLock(2) line 216, col 5 to line 218, col 58 of module LabReconcile>
/\ nMerge = 1
/\ running = [stab |-> 0, dev |-> 99]
/\ mut = << [ proj |-> "stab",
     actor |-> "dispatcher",
     target |-> 1,
     prior |-> 0,
     start |-> 0,
     deadline |-> 2,
     status |-> "forward" ],
   [ proj |-> "dev",
     actor |-> "agent",
     target |-> 1,
     prior |-> 0,
     start |-> 0,
     deadline |-> 2,
     status |-> "done" ],
   [ proj |-> "none",
     actor |-> "none",
     target |-> 0,
     prior |-> 0,
     start |-> 0,
     deadline |-> 0,
     status |-> "none" ] >>
/\ now = 0
/\ nextId = 3
/\ desired = [stab |-> 1, dev |-> 1]
/\ nRel = 1
/\ pendingStab = 0
/\ agentQueue = 0
/\ receipts = <<<<>>, <<"FAILED_STRANDED">>, <<>>>>
/\ nHand = [stab |-> 0, dev |-> 0]
/\ rolledBack = [stab |-> FALSE, dev |-> FALSE]

State 8: <Die(1) line 223, col 5 to line 227, col 49 of module LabReconcile>
/\ nMerge = 1
/\ running = [stab |-> 99, dev |-> 99]
/\ mut = << [ proj |-> "stab",
     actor |-> "dispatcher",
     target |-> 1,
     prior |-> 0,
     start |-> 0,
     deadline |-> 2,
     status |-> "dead" ],
   [ proj |-> "dev",
     actor |-> "agent",
     target |-> 1,
     prior |-> 0,
     start |-> 0,
     deadline |-> 2,
     status |-> "done" ],
   [ proj |-> "none",
     actor |-> "none",
     target |-> 0,
     prior |-> 0,
     start |-> 0,
     deadline |-> 0,
     status |-> "none" ] >>
/\ now = 0
/\ nextId = 3
/\ desired = [stab |-> 1, dev |-> 1]
/\ nRel = 1
/\ pendingStab = 0
/\ agentQueue = 0
/\ receipts = <<<<>>, <<"FAILED_STRANDED">>, <<>>>>
/\ nHand = [stab |-> 0, dev |-> 0]
/\ rolledBack = [stab |-> FALSE, dev |-> FALSE]

State 9: <HandStart("stab") line 169, col 5 to line 174, col 103 of module LabReconcile>
/\ nMerge = 1
/\ running = [stab |-> 99, dev |-> 99]
/\ mut = << [ proj |-> "stab",
     actor |-> "dispatcher",
     target |-> 1,
     prior |-> 0,
     start |-> 0,
     deadline |-> 2,
     status |-> "dead" ],
   [ proj |-> "dev",
     actor |-> "agent",
     target |-> 1,
     prior |-> 0,
     start |-> 0,
     deadline |-> 2,
     status |-> "done" ],
   [ proj |-> "stab",
     actor |-> "hand",
     target |-> 1,
     prior |-> 99,
     start |-> 0,
     deadline |-> 2,
     status |-> "forward" ] >>
/\ now = 0
/\ nextId = 4
/\ desired = [stab |-> 1, dev |-> 1]
/\ nRel = 1
/\ pendingStab = 0
/\ agentQueue = 0
/\ receipts = <<<<>>, <<"FAILED_STRANDED">>, <<>>>>
/\ nHand = [stab |-> 1, dev |-> 0]
/\ rolledBack = [stab |-> FALSE, dev |-> FALSE]

State 10: <Tick line 109, col 5 to line 113, col 65 of module LabReconcile>
/\ nMerge = 1
/\ running = [stab |-> 99, dev |-> 99]
/\ mut = << [ proj |-> "stab",
     actor |-> "dispatcher",
     target |-> 1,
     prior |-> 0,
     start |-> 0,
     deadline |-> 2,
     status |-> "dead" ],
   [ proj |-> "dev",
     actor |-> "agent",
     target |-> 1,
     prior |-> 0,
     start |-> 0,
     deadline |-> 2,
     status |-> "done" ],
   [ proj |-> "stab",
     actor |-> "hand",
     target |-> 1,
     prior |-> 99,
     start |-> 0,
     deadline |-> 2,
     status |-> "forward" ] >>
/\ now = 1
/\ nextId = 4
/\ desired = [stab |-> 1, dev |-> 1]
/\ nRel = 1
/\ pendingStab = 0
/\ agentQueue = 0
/\ receipts = <<<<>>, <<"FAILED_STRANDED">>, <<>>>>
/\ nHand = [stab |-> 1, dev |-> 0]
/\ rolledBack = [stab |-> FALSE, dev |-> FALSE]

State 11: <Tick line 109, col 5 to line 113, col 65 of module LabReconcile>
/\ nMerge = 1
/\ running = [stab |-> 99, dev |-> 99]
/\ mut = << [ proj |-> "stab",
     actor |-> "dispatcher",
     target |-> 1,
     prior |-> 0,
     start |-> 0,
     deadline |-> 2,
     status |-> "dead" ],
   [ proj |-> "dev",
     actor |-> "agent",
     target |-> 1,
     prior |-> 0,
     start |-> 0,
     deadline |-> 2,
     status |-> "done" ],
   [ proj |-> "stab",
     actor |-> "hand",
     target |-> 1,
     prior |-> 99,
     start |-> 0,
     deadline |-> 2,
     status |-> "forward" ] >>
/\ now = 2
/\ nextId = 4
/\ desired = [stab |-> 1, dev |-> 1]
/\ nRel = 1
/\ pendingStab = 0
/\ agentQueue = 0
/\ receipts = <<<<>>, <<"FAILED_STRANDED">>, <<>>>>
/\ nHand = [stab |-> 1, dev |-> 0]
/\ rolledBack = [stab |-> FALSE, dev |-> FALSE]

State 12: <ForwardPass(3) line 183, col 5 to line 186, col 57 of module LabReconcile>
/\ nMerge = 1
/\ running = [stab |-> 1, dev |-> 99]
/\ mut = << [ proj |-> "stab",
     actor |-> "dispatcher",
     target |-> 1,
     prior |-> 0,
     start |-> 0,
     deadline |-> 2,
     status |-> "dead" ],
   [ proj |-> "dev",
     actor |-> "agent",
     target |-> 1,
     prior |-> 0,
     start |-> 0,
     deadline |-> 2,
     status |-> "done" ],
   [ proj |-> "stab",
     actor |-> "hand",
     target |-> 1,
     prior |-> 99,
     start |-> 0,
     deadline |-> 2,
     status |-> "closing" ] >>
/\ now = 2
/\ nextId = 4
/\ desired = [stab |-> 1, dev |-> 1]
/\ nRel = 1
/\ pendingStab = 0
/\ agentQueue = 0
/\ receipts = <<<<>>, <<"FAILED_STRANDED">>, <<"PASS">>>>
/\ nHand = [stab |-> 1, dev |-> 0]
/\ rolledBack = [stab |-> FALSE, dev |-> FALSE]

State 13: <Die(3) line 223, col 5 to line 227, col 49 of module LabReconcile>
/\ nMerge = 1
/\ running = [stab |-> 1, dev |-> 99]
/\ mut = << [ proj |-> "stab",
     actor |-> "dispatcher",
     target |-> 1,
     prior |-> 0,
     start |-> 0,
     deadline |-> 2,
     status |-> "dead" ],
   [ proj |-> "dev",
     actor |-> "agent",
     target |-> 1,
     prior |-> 0,
     start |-> 0,
     deadline |-> 2,
     status |-> "done" ],
   [ proj |-> "stab",
     actor |-> "hand",
     target |-> 1,
     prior |-> 99,
     start |-> 0,
     deadline |-> 2,
     status |-> "dead" ] >>
/\ now = 2
/\ nextId = 4
/\ desired = [stab |-> 1, dev |-> 1]
/\ nRel = 1
/\ pendingStab = 0
/\ agentQueue = 0
/\ receipts = <<<<>>, <<"FAILED_STRANDED">>, <<"PASS">>>>
/\ nHand = [stab |-> 1, dev |-> 0]
/\ rolledBack = [stab |-> FALSE, dev |-> FALSE]

State 14: <Tick line 109, col 5 to line 113, col 65 of module LabReconcile>
/\ nMerge = 1
/\ running = [stab |-> 1, dev |-> 99]
/\ mut = << [ proj |-> "stab",
     actor |-> "dispatcher",
     target |-> 1,
     prior |-> 0,
     start |-> 0,
     deadline |-> 2,
     status |-> "dead" ],
   [ proj |-> "dev",
     actor |-> "agent",
     target |-> 1,
     prior |-> 0,
     start |-> 0,
     deadline |-> 2,
     status |-> "done" ],
   [ proj |-> "stab",
     actor |-> "hand",
     target |-> 1,
     prior |-> 99,
     start |-> 0,
     deadline |-> 2,
     status |-> "dead" ] >>
/\ now = 3
/\ nextId = 4
/\ desired = [stab |-> 1, dev |-> 1]
/\ nRel = 1
/\ pendingStab = 0
/\ agentQueue = 0
/\ receipts = <<<<>>, <<"FAILED_STRANDED">>, <<"PASS">>>>
/\ nHand = [stab |-> 1, dev |-> 0]
/\ rolledBack = [stab |-> FALSE, dev |-> FALSE]

State 15: <Tick line 109, col 5 to line 113, col 65 of module LabReconcile>
/\ nMerge = 1
/\ running = [stab |-> 1, dev |-> 99]
/\ mut = << [ proj |-> "stab",
     actor |-> "dispatcher",
     target |-> 1,
     prior |-> 0,
     start |-> 0,
     deadline |-> 2,
     status |-> "dead" ],
   [ proj |-> "dev",
     actor |-> "agent",
     target |-> 1,
     prior |-> 0,
     start |-> 0,
     deadline |-> 2,
     status |-> "done" ],
   [ proj |-> "stab",
     actor |-> "hand",
     target |-> 1,
     prior |-> 99,
     start |-> 0,
     deadline |-> 2,
     status |-> "dead" ] >>
/\ now = 4
/\ nextId = 4
/\ desired = [stab |-> 1, dev |-> 1]
/\ nRel = 1
/\ pendingStab = 0
/\ agentQueue = 0
/\ receipts = <<<<>>, <<"FAILED_STRANDED">>, <<"PASS">>>>
/\ nHand = [stab |-> 1, dev |-> 0]
/\ rolledBack = [stab |-> FALSE, dev |-> FALSE]

State 16: <Tick line 109, col 5 to line 113, col 65 of module LabReconcile>
/\ nMerge = 1
/\ running = [stab |-> 1, dev |-> 99]
/\ mut = << [ proj |-> "stab",
     actor |-> "dispatcher",
     target |-> 1,
     prior |-> 0,
     start |-> 0,
     deadline |-> 2,
     status |-> "dead" ],
   [ proj |-> "dev",
     actor |-> "agent",
     target |-> 1,
     prior |-> 0,
     start |-> 0,
     deadline |-> 2,
     status |-> "done" ],
   [ proj |-> "stab",
     actor |-> "hand",
     target |-> 1,
     prior |-> 99,
     start |-> 0,
     deadline |-> 2,
     status |-> "dead" ] >>
/\ now = 5
/\ nextId = 4
/\ desired = [stab |-> 1, dev |-> 1]
/\ nRel = 1
/\ pendingStab = 0
/\ agentQueue = 0
/\ receipts = <<<<>>, <<"FAILED_STRANDED">>, <<"PASS">>>>
/\ nHand = [stab |-> 1, dev |-> 0]
/\ rolledBack = [stab |-> FALSE, dev |-> FALSE]

State 17: <Tick line 109, col 5 to line 113, col 65 of module LabReconcile>
/\ nMerge = 1
/\ running = [stab |-> 1, dev |-> 99]
/\ mut = << [ proj |-> "stab",
     actor |-> "dispatcher",
     target |-> 1,
     prior |-> 0,
     start |-> 0,
     deadline |-> 2,
     status |-> "dead" ],
   [ proj |-> "dev",
     actor |-> "agent",
     target |-> 1,
     prior |-> 0,
     start |-> 0,
     deadline |-> 2,
     status |-> "done" ],
   [ proj |-> "stab",
     actor |-> "hand",
     target |-> 1,
     prior |-> 99,
     start |-> 0,
     deadline |-> 2,
     status |-> "dead" ] >>
/\ now = 6
/\ nextId = 4
/\ desired = [stab |-> 1, dev |-> 1]
/\ nRel = 1
/\ pendingStab = 0
/\ agentQueue = 0
/\ receipts = <<<<>>, <<"FAILED_STRANDED">>, <<"PASS">>>>
/\ nHand = [stab |-> 1, dev |-> 0]
/\ rolledBack = [stab |-> FALSE, dev |-> FALSE]

State 18: <Tick line 109, col 5 to line 113, col 65 of module LabReconcile>
/\ nMerge = 1
/\ running = [stab |-> 1, dev |-> 99]
/\ mut = << [ proj |-> "stab",
     actor |-> "dispatcher",
     target |-> 1,
     prior |-> 0,
     start |-> 0,
     deadline |-> 2,
     status |-> "dead" ],
   [ proj |-> "dev",
     actor |-> "agent",
     target |-> 1,
     prior |-> 0,
     start |-> 0,
     deadline |-> 2,
     status |-> "done" ],
   [ proj |-> "stab",
     actor |-> "hand",
     target |-> 1,
     prior |-> 99,
     start |-> 0,
     deadline |-> 2,
     status |-> "dead" ] >>
/\ now = 7
/\ nextId = 4
/\ desired = [stab |-> 1, dev |-> 1]
/\ nRel = 1
/\ pendingStab = 0
/\ agentQueue = 0
/\ receipts = <<<<>>, <<"FAILED_STRANDED">>, <<"PASS">>>>
/\ nHand = [stab |-> 1, dev |-> 0]
/\ rolledBack = [stab |-> FALSE, dev |-> FALSE]

State 19: <Tick line 109, col 5 to line 113, col 65 of module LabReconcile>
/\ nMerge = 1
/\ running = [stab |-> 1, dev |-> 99]
/\ mut = << [ proj |-> "stab",
     actor |-> "dispatcher",
     target |-> 1,
     prior |-> 0,
     start |-> 0,
     deadline |-> 2,
     status |-> "dead" ],
   [ proj |-> "dev",
     actor |-> "agent",
     target |-> 1,
     prior |-> 0,
     start |-> 0,
     deadline |-> 2,
     status |-> "done" ],
   [ proj |-> "stab",
     actor |-> "hand",
     target |-> 1,
     prior |-> 99,
     start |-> 0,
     deadline |-> 2,
     status |-> "dead" ] >>
/\ now = 8
/\ nextId = 4
/\ desired = [stab |-> 1, dev |-> 1]
/\ nRel = 1
/\ pendingStab = 0
/\ agentQueue = 0
/\ receipts = <<<<>>, <<"FAILED_STRANDED">>, <<"PASS">>>>
/\ nHand = [stab |-> 1, dev |-> 0]
/\ rolledBack = [stab |-> FALSE, dev |-> FALSE]

State 20: <Tick line 109, col 5 to line 113, col 65 of module LabReconcile>
/\ nMerge = 1
/\ running = [stab |-> 1, dev |-> 99]
/\ mut = << [ proj |-> "stab",
     actor |-> "dispatcher",
     target |-> 1,
     prior |-> 0,
     start |-> 0,
     deadline |-> 2,
     status |-> "dead" ],
   [ proj |-> "dev",
     actor |-> "agent",
     target |-> 1,
     prior |-> 0,
     start |-> 0,
     deadline |-> 2,
     status |-> "done" ],
   [ proj |-> "stab",
     actor |-> "hand",
     target |-> 1,
     prior |-> 99,
     start |-> 0,
     deadline |-> 2,
     status |-> "dead" ] >>
/\ now = 9
/\ nextId = 4
/\ desired = [stab |-> 1, dev |-> 1]
/\ nRel = 1
/\ pendingStab = 0
/\ agentQueue = 0
/\ receipts = <<<<>>, <<"FAILED_STRANDED">>, <<"PASS">>>>
/\ nHand = [stab |-> 1, dev |-> 0]
/\ rolledBack = [stab |-> FALSE, dev |-> FALSE]

State 21: <Tick line 109, col 5 to line 113, col 65 of module LabReconcile>
/\ nMerge = 1
/\ running = [stab |-> 1, dev |-> 99]
/\ mut = << [ proj |-> "stab",
     actor |-> "dispatcher",
     target |-> 1,
     prior |-> 0,
     start |-> 0,
     deadline |-> 2,
     status |-> "dead" ],
   [ proj |-> "dev",
     actor |-> "agent",
     target |-> 1,
     prior |-> 0,
     start |-> 0,
     deadline |-> 2,
     status |-> "done" ],
   [ proj |-> "stab",
     actor |-> "hand",
     target |-> 1,
     prior |-> 99,
     start |-> 0,
     deadline |-> 2,
     status |-> "dead" ] >>
/\ now = 10
/\ nextId = 4
/\ desired = [stab |-> 1, dev |-> 1]
/\ nRel = 1
/\ pendingStab = 0
/\ agentQueue = 0
/\ receipts = <<<<>>, <<"FAILED_STRANDED">>, <<"PASS">>>>
/\ nHand = [stab |-> 1, dev |-> 0]
/\ rolledBack = [stab |-> FALSE, dev |-> FALSE]

State 22: Stuttering
Finished checking temporal properties in 01s at 2026-09-24 13:21:26
640220 states generated, 293968 distinct states found, 0 states left on queue.
The depth of the complete state graph search is 25.
Finished in 22s at (2026-09-24 13:21:26)
Trace exploration spec path: ./LabReconcile_TTrace_1790270464.tla
$J -XX:+UseParallelGC -cp tla2tools.jar tlc2.TLC -deadlock -workers 2 -config  42.21s user 4.47s system 209% cpu 22.302 total
