TLC2 Version 2026.09.23.154203 (rev: 4260e47)
Running breadth-first search Model-Checking with fp 96 and seed 872227311311412467 with 2 workers on 24 cores with 27300MB heap and 64MB offheap memory [pid: 93544] (Mac OS X 26.6.2 aarch64, Homebrew 23.0.2 64bit, MSBDiskFPSet, DiskStateQueue).
Parsing file LabReconcile.tla
Parsing file Naturals.tla (jar:file:tla2tools.jar!/tla2sany/StandardModules/Naturals.tla)
Parsing file Sequences.tla (jar:file:tla2tools.jar!/tla2sany/StandardModules/Sequences.tla)
Parsing file FiniteSets.tla (jar:file:tla2tools.jar!/tla2sany/StandardModules/FiniteSets.tla)
Parsing file _TLCTrace.tla (jar:file:tla2tools.jar!/tla2sany/StandardModules/_TLCTrace.tla)
Parsing file TLC.tla (jar:file:tla2tools.jar!/tla2sany/StandardModules/TLC.tla)
Parsing file TLCExt.tla (jar:file:tla2tools.jar!/tla2sany/StandardModules/TLCExt.tla)
Parsing file Integers.tla (jar:file:tla2tools.jar!/tla2sany/StandardModules/Integers.tla)
Semantic processing of module Naturals
Semantic processing of module Sequences
Semantic processing of module FiniteSets
Semantic processing of module TLC
Semantic processing of module Integers
Semantic processing of module TLCExt
Semantic processing of module _TLCTrace
Semantic processing of module LabReconcile
Linting of module TLCExt
Linting of module _TLCTrace
Linting of module LabReconcile
Starting... (2026-09-24 13:20:49)
Computing initial states...
Finished computing initial states: 1 distinct state generated at 2026-09-24 13:20:49.
Error: Invariant RolledBackNeverGreen is violated.
Error: The behavior up to this point is:
State 1: <Initial predicate>
/\ nMerge = 0
/\ running = [stab |-> 0, dev |-> 0]
/\ mut = << [ proj |-> "none",
     actor |-> "none",
     target |-> 0,
     prior |-> 0,
     start |-> 0,
     deadline |-> 0,
     status |-> "none" ],
   [ proj |-> "none",
     actor |-> "none",
     target |-> 0,
     prior |-> 0,
     start |-> 0,
     deadline |-> 0,
     status |-> "none" ],
   [ proj |-> "none",
     actor |-> "none",
     target |-> 0,
     prior |-> 0,
     start |-> 0,
     deadline |-> 0,
     status |-> "none" ] >>
/\ now = 0
/\ nextId = 1
/\ desired = [stab |-> 0, dev |-> 0]
/\ nRel = 0
/\ pendingStab = 0
/\ agentQueue = 0
/\ receipts = <<<<>>, <<>>, <<>>>>
/\ nHand = [stab |-> 0, dev |-> 0]
/\ rolledBack = [stab |-> FALSE, dev |-> FALSE]

State 2: <Tick line 109, col 5 to line 113, col 65 of module LabReconcile>
/\ nMerge = 0
/\ running = [stab |-> 0, dev |-> 0]
/\ mut = << [ proj |-> "none",
     actor |-> "none",
     target |-> 0,
     prior |-> 0,
     start |-> 0,
     deadline |-> 0,
     status |-> "none" ],
   [ proj |-> "none",
     actor |-> "none",
     target |-> 0,
     prior |-> 0,
     start |-> 0,
     deadline |-> 0,
     status |-> "none" ],
   [ proj |-> "none",
     actor |-> "none",
     target |-> 0,
     prior |-> 0,
     start |-> 0,
     deadline |-> 0,
     status |-> "none" ] >>
/\ now = 1
/\ nextId = 1
/\ desired = [stab |-> 0, dev |-> 0]
/\ nRel = 0
/\ pendingStab = 0
/\ agentQueue = 0
/\ receipts = <<<<>>, <<>>, <<>>>>
/\ nHand = [stab |-> 0, dev |-> 0]
/\ rolledBack = [stab |-> FALSE, dev |-> FALSE]

State 3: <HandStart("stab") line 169, col 5 to line 174, col 103 of module LabReconcile>
/\ nMerge = 0
/\ running = [stab |-> 0, dev |-> 0]
/\ mut = << [ proj |-> "stab",
     actor |-> "hand",
     target |-> 0,
     prior |-> 0,
     start |-> 1,
     deadline |-> 3,
     status |-> "forward" ],
   [ proj |-> "none",
     actor |-> "none",
     target |-> 0,
     prior |-> 0,
     start |-> 0,
     deadline |-> 0,
     status |-> "none" ],
   [ proj |-> "none",
     actor |-> "none",
     target |-> 0,
     prior |-> 0,
     start |-> 0,
     deadline |-> 0,
     status |-> "none" ] >>
/\ now = 1
/\ nextId = 2
/\ desired = [stab |-> 0, dev |-> 0]
/\ nRel = 0
/\ pendingStab = 0
/\ agentQueue = 0
/\ receipts = <<<<>>, <<>>, <<>>>>
/\ nHand = [stab |-> 1, dev |-> 0]
/\ rolledBack = [stab |-> FALSE, dev |-> FALSE]

State 4: <ForwardHealthFail(1) line 190, col 5 to line 193, col 49 of module LabReconcile>
/\ nMerge = 0
/\ running = [stab |-> 99, dev |-> 0]
/\ mut = << [ proj |-> "stab",
     actor |-> "hand",
     target |-> 0,
     prior |-> 0,
     start |-> 1,
     deadline |-> 3,
     status |-> "rollback" ],
   [ proj |-> "none",
     actor |-> "none",
     target |-> 0,
     prior |-> 0,
     start |-> 0,
     deadline |-> 0,
     status |-> "none" ],
   [ proj |-> "none",
     actor |-> "none",
     target |-> 0,
     prior |-> 0,
     start |-> 0,
     deadline |-> 0,
     status |-> "none" ] >>
/\ now = 1
/\ nextId = 2
/\ desired = [stab |-> 0, dev |-> 0]
/\ nRel = 0
/\ pendingStab = 0
/\ agentQueue = 0
/\ receipts = <<<<>>, <<>>, <<>>>>
/\ nHand = [stab |-> 1, dev |-> 0]
/\ rolledBack = [stab |-> FALSE, dev |-> FALSE]

State 5: <RollbackOK(1) line 204, col 5 to line 207, col 71 of module LabReconcile>
/\ nMerge = 0
/\ running = [stab |-> 0, dev |-> 0]
/\ mut = << [ proj |-> "stab",
     actor |-> "hand",
     target |-> 0,
     prior |-> 0,
     start |-> 1,
     deadline |-> 3,
     status |-> "closing" ],
   [ proj |-> "none",
     actor |-> "none",
     target |-> 0,
     prior |-> 0,
     start |-> 0,
     deadline |-> 0,
     status |-> "none" ],
   [ proj |-> "none",
     actor |-> "none",
     target |-> 0,
     prior |-> 0,
     start |-> 0,
     deadline |-> 0,
     status |-> "none" ] >>
/\ now = 1
/\ nextId = 2
/\ desired = [stab |-> 0, dev |-> 0]
/\ nRel = 0
/\ pendingStab = 0
/\ agentQueue = 0
/\ receipts = <<<<"FAILED_ROLLED_BACK">>, <<>>, <<>>>>
/\ nHand = [stab |-> 1, dev |-> 0]
/\ rolledBack = [stab |-> TRUE, dev |-> FALSE]

158 states generated, 119 distinct states found, 85 states left on queue.
The depth of the complete state graph search is 5.
Finished in 00s at (2026-09-24 13:20:49)
Trace exploration spec path: ./LabReconcile_TTrace_1790270449.tla
$J -XX:+UseParallelGC -cp tla2tools.jar tlc2.TLC -deadlock -workers 2 -config  1.62s user 0.37s system 337% cpu 0.590 total
