TLC2 Version 2.19 of 08 August 2024 (rev: 5a47802)
Running breadth-first search Model-Checking with fp 52 and seed 5970409633440911963 with 2 workers on 32 cores with 20926MB heap and 64MB offheap memory [pid: 1] (Linux 7.0.0-34-generic amd64, Eclipse Adoptium 17.0.20.1 x86_64, MSBDiskFPSet, DiskStateQueue).
Parsing file /m/DelegatedCodeEditLoop.tla
Parsing file /tmp/Naturals.tla
Parsing file /tmp/FiniteSets.tla
Parsing file /tmp/Sequences.tla
Semantic processing of module Naturals
Semantic processing of module Sequences
Semantic processing of module FiniteSets
Semantic processing of module DelegatedCodeEditLoop
Starting... (2026-10-01 12:03:55)
Implied-temporal checking--satisfiability problem has 2 branches.
Computing initial states...
Finished computing initial states: 1 distinct state generated at 2026-10-01 12:03:56.
Error: Invariant NoUndeclaredCheck is violated.
Error: The behavior up to this point is:
State 1: <Initial predicate>
/\ receipts = 0
/\ lastFail = (r1 :> "none" @@ r2 :> "none")
/\ pc = (r1 :> "start" @@ r2 :> "start")
/\ claimed = FALSE
/\ written = {}
/\ turns = (r1 :> 0 @@ r2 :> 0)
/\ ran = {}

State 2: <ClaimAtomic line 32, col 3 to line 36, col 58 of module DelegatedCodeEditLoop>
/\ receipts = 0
/\ lastFail = (r1 :> "none" @@ r2 :> "none")
/\ pc = (r1 :> "turn" @@ r2 :> "start")
/\ claimed = TRUE
/\ written = {}
/\ turns = (r1 :> 0 @@ r2 :> 0)
/\ ran = {}

State 3: <RunCheck line 58, col 3 to line 61, col 59 of module DelegatedCodeEditLoop>
/\ receipts = 0
/\ lastFail = (r1 :> "none" @@ r2 :> "none")
/\ pc = (r1 :> "turn" @@ r2 :> "start")
/\ claimed = TRUE
/\ written = {}
/\ turns = (r1 :> 1 @@ r2 :> 0)
/\ ran = {"undeclared"}

12 states generated, 12 distinct states found, 7 states left on queue.
The depth of the complete state graph search is 3.
The average outdegree of the complete state graph is 2 (minimum is 2, the maximum 2 and the 95th percentile is 2).
Finished in 00s at (2026-10-01 12:03:56)
