TLC2 Version 2.19 of 08 August 2024 (rev: 5a47802)
Running breadth-first search Model-Checking with fp 8 and seed -6041588223364279876 with 2 workers on 32 cores with 20926MB heap and 64MB offheap memory [pid: 1] (Linux 7.0.0-34-generic amd64, Eclipse Adoptium 17.0.20.1 x86_64, MSBDiskFPSet, DiskStateQueue).
Parsing file /m/DelegatedCodeEditLoop.tla
Parsing file /tmp/Naturals.tla
Parsing file /tmp/FiniteSets.tla
Parsing file /tmp/Sequences.tla
Semantic processing of module Naturals
Semantic processing of module Sequences
Semantic processing of module FiniteSets
Semantic processing of module DelegatedCodeEditLoop
Starting... (2026-10-01 12:03:57)
Implied-temporal checking--satisfiability problem has 2 branches.
Computing initial states...
Finished computing initial states: 1 distinct state generated at 2026-10-01 12:03:57.
Error: Invariant TurnBound is violated.
Error: The behavior up to this point is:
State 1: <Initial predicate>
/\ receipts = 0
/\ lastFail = (r1 :> "none" @@ r2 :> "none")
/\ pc = (r1 :> "start" @@ r2 :> "start")
/\ claimed = FALSE
/\ written = {}
/\ turns = (r1 :> 0 @@ r2 :> 0)
/\ ran = {}

State 2: <ClaimAtomic line 32, col 3 to line 36, col 58 of module DelegatedCodeEditLoop>
/\ receipts = 0
/\ lastFail = (r1 :> "none" @@ r2 :> "none")
/\ pc = (r1 :> "turn" @@ r2 :> "start")
/\ claimed = TRUE
/\ written = {}
/\ turns = (r1 :> 0 @@ r2 :> 0)
/\ ran = {}

State 3: <Write line 52, col 3 to line 55, col 55 of module DelegatedCodeEditLoop>
/\ receipts = 0
/\ lastFail = (r1 :> "none" @@ r2 :> "none")
/\ pc = (r1 :> "turn" @@ r2 :> "start")
/\ claimed = TRUE
/\ written = {"allowed"}
/\ turns = (r1 :> 1 @@ r2 :> 0)
/\ ran = {}

State 4: <Write line 52, col 3 to line 55, col 55 of module DelegatedCodeEditLoop>
/\ receipts = 0
/\ lastFail = (r1 :> "none" @@ r2 :> "none")
/\ pc = (r1 :> "turn" @@ r2 :> "start")
/\ claimed = TRUE
/\ written = {"allowed"}
/\ turns = (r1 :> 2 @@ r2 :> 0)
/\ ran = {}

State 5: <Write line 52, col 3 to line 55, col 55 of module DelegatedCodeEditLoop>
/\ receipts = 0
/\ lastFail = (r1 :> "none" @@ r2 :> "none")
/\ pc = (r1 :> "turn" @@ r2 :> "start")
/\ claimed = TRUE
/\ written = {"allowed"}
/\ turns = (r1 :> 3 @@ r2 :> 0)
/\ ran = {}

State 6: <Write line 52, col 3 to line 55, col 55 of module DelegatedCodeEditLoop>
/\ receipts = 0
/\ lastFail = (r1 :> "none" @@ r2 :> "none")
/\ pc = (r1 :> "turn" @@ r2 :> "start")
/\ claimed = TRUE
/\ written = {"allowed"}
/\ turns = (r1 :> 4 @@ r2 :> 0)
/\ ran = {}

625 states generated, 139 distinct states found, 76 states left on queue.
The depth of the complete state graph search is 6.
The average outdegree of the complete state graph is 2 (minimum is 0, the maximum 7 and the 95th percentile is 6).
Finished in 00s at (2026-10-01 12:03:57)
