TLC2 Version 2.19 of 08 August 2024 (rev: 5a47802)
Warning: Please run the Java VM which executes TLC with a throughput optimized garbage collector by passing the "-XX:+UseParallelGC" property.
(Use the -nowarning option to disable this warning.)
Running breadth-first search Model-Checking with fp 123 and seed 1598066656182444276 with 2 workers on 32 cores with 23552MB heap and 64MB offheap memory [pid: 1] (Linux 7.0.0-34-generic amd64, Eclipse Adoptium 17.0.20.1 x86_64, MSBDiskFPSet, DiskStateQueue).
Parsing file /m/DeclaredStateReconcile.tla
Parsing file /tmp/Naturals.tla
Parsing file /tmp/FiniteSets.tla
Parsing file /tmp/Sequences.tla
Semantic processing of module Naturals
Semantic processing of module Sequences
Semantic processing of module FiniteSets
Semantic processing of module DeclaredStateReconcile
Starting... (2026-09-29 01:45:30)
Implied-temporal checking--satisfiability problem has 1 branches.
Computing initial states...
Computed 2 initial states...
Computed 4 initial states...
Finished computing initial states: 8 distinct states generated at 2026-09-29 01:45:31.
Checking temporal properties for the current state space with 160790 total distinct states at (2026-09-29 01:45:34)
Finished checking temporal properties in 00s at 2026-09-29 01:45:34
Progress(16) at 2026-09-29 01:45:34: 553,193 states generated (553,193 s/min), 194,594 distinct states found (194,594 ds/min), 33,805 states left on queue.
Progress(32) at 2026-09-29 01:45:37: 1,065,069 states generated, 347,946 distinct states found, 0 states left on queue.
Checking temporal properties for the complete state space with 347946 total distinct states at (2026-09-29 01:45:37)
Finished checking temporal properties in 01s at 2026-09-29 01:45:38
Model checking completed. No error has been found.
  Estimates of the probability that TLC did not check all reachable states
  because two distinct states had the same fingerprint:
  calculated (optimistic):  val = 1.4E-8
  based on the actual fingerprints:  val = 1.2E-8
1065069 states generated, 347946 distinct states found, 0 states left on queue.
The depth of the complete state graph search is 32.
The average outdegree of the complete state graph is 1 (minimum is 0, the maximum 7 and the 95th percentile is 2).
Finished in 07s at (2026-09-29 01:45:38)
