TLC2 Version 2.19 of 08 August 2024 (rev: 5a47802)
Warning: Please run the Java VM which executes TLC with a throughput optimized garbage collector by passing the "-XX:+UseParallelGC" property.
(Use the -nowarning option to disable this warning.)
Running breadth-first search Model-Checking with fp 21 and seed -8223574160772284267 with 2 workers on 32 cores with 23552MB heap and 64MB offheap memory [pid: 1] (Linux 7.0.0-34-generic amd64, Eclipse Adoptium 17.0.20.1 x86_64, MSBDiskFPSet, DiskStateQueue).
Parsing file /m/DeclaredStateReconcile.tla
Parsing file /tmp/Naturals.tla
Parsing file /tmp/FiniteSets.tla
Parsing file /tmp/Sequences.tla
Semantic processing of module Naturals
Semantic processing of module Sequences
Semantic processing of module FiniteSets
Semantic processing of module DeclaredStateReconcile
Starting... (2026-09-29 01:45:46)
Implied-temporal checking--satisfiability problem has 1 branches.
Computing initial states...
Computed 2 initial states...
Computed 4 initial states...
Finished computing initial states: 8 distinct states generated at 2026-09-29 01:45:46.
Error: Invariant NoInterleave is violated.
Error: The behavior up to this point is:
State 1: <Initial predicate>
/\ flipsLeft = 1
/\ toRemove = (r1 :> {} @@ r2 :> {})
/\ staleApplied = FALSE
/\ lock = "none"
/\ obsGrants = (r1 :> {} @@ r2 :> {})
/\ unobservableApplied = FALSE
/\ removedNeeded = FALSE
/\ ver = 0
/\ pc = (r1 :> "idle" @@ r2 :> "idle")
/\ editsLeft = 2
/\ toAdd = (r1 :> {} @@ r2 :> {})
/\ grants = {g1}
/\ expect = (r1 :> 0 @@ r2 :> 0)
/\ observable = TRUE
/\ obsVer = (r1 :> 0 @@ r2 :> 0)

State 2: <Observe line 84, col 5 to line 94, col 69 of module DeclaredStateReconcile>
/\ flipsLeft = 1
/\ toRemove = (r1 :> {} @@ r2 :> {})
/\ staleApplied = FALSE
/\ lock = "none"
/\ obsGrants = (r1 :> {g1} @@ r2 :> {})
/\ unobservableApplied = FALSE
/\ removedNeeded = FALSE
/\ ver = 0
/\ pc = (r1 :> "observed" @@ r2 :> "idle")
/\ editsLeft = 2
/\ toAdd = (r1 :> {} @@ r2 :> {})
/\ grants = {g1}
/\ expect = (r1 :> 0 @@ r2 :> 0)
/\ observable = TRUE
/\ obsVer = (r1 :> 0 @@ r2 :> 0)

State 3: <Plan line 105, col 5 to line 115, col 69 of module DeclaredStateReconcile>
/\ flipsLeft = 1
/\ toRemove = (r1 :> {} @@ r2 :> {})
/\ staleApplied = FALSE
/\ lock = "none"
/\ obsGrants = (r1 :> {g1} @@ r2 :> {})
/\ unobservableApplied = FALSE
/\ removedNeeded = FALSE
/\ ver = 0
/\ pc = (r1 :> "planned" @@ r2 :> "idle")
/\ editsLeft = 2
/\ toAdd = (r1 :> {g2} @@ r2 :> {})
/\ grants = {g1}
/\ expect = (r1 :> 0 @@ r2 :> 0)
/\ observable = TRUE
/\ obsVer = (r1 :> 0 @@ r2 :> 0)

State 4: <Acquire line 118, col 5 to line 126, col 69 of module DeclaredStateReconcile>
/\ flipsLeft = 1
/\ toRemove = (r1 :> {} @@ r2 :> {})
/\ staleApplied = FALSE
/\ lock = "none"
/\ obsGrants = (r1 :> {g1} @@ r2 :> {})
/\ unobservableApplied = FALSE
/\ removedNeeded = FALSE
/\ ver = 0
/\ pc = (r1 :> "applying" @@ r2 :> "idle")
/\ editsLeft = 2
/\ toAdd = (r1 :> {g2} @@ r2 :> {})
/\ grants = {g1}
/\ expect = (r1 :> 0 @@ r2 :> 0)
/\ observable = TRUE
/\ obsVer = (r1 :> 0 @@ r2 :> 0)

State 5: <Observe line 84, col 5 to line 94, col 69 of module DeclaredStateReconcile>
/\ flipsLeft = 1
/\ toRemove = (r1 :> {} @@ r2 :> {})
/\ staleApplied = FALSE
/\ lock = "none"
/\ obsGrants = (r1 :> {g1} @@ r2 :> {g1})
/\ unobservableApplied = FALSE
/\ removedNeeded = FALSE
/\ ver = 0
/\ pc = (r1 :> "applying" @@ r2 :> "observed")
/\ editsLeft = 2
/\ toAdd = (r1 :> {g2} @@ r2 :> {})
/\ grants = {g1}
/\ expect = (r1 :> 0 @@ r2 :> 0)
/\ observable = TRUE
/\ obsVer = (r1 :> 0 @@ r2 :> 0)

State 6: <Plan line 105, col 5 to line 115, col 69 of module DeclaredStateReconcile>
/\ flipsLeft = 1
/\ toRemove = (r1 :> {} @@ r2 :> {})
/\ staleApplied = FALSE
/\ lock = "none"
/\ obsGrants = (r1 :> {g1} @@ r2 :> {g1})
/\ unobservableApplied = FALSE
/\ removedNeeded = FALSE
/\ ver = 0
/\ pc = (r1 :> "applying" @@ r2 :> "planned")
/\ editsLeft = 2
/\ toAdd = (r1 :> {g2} @@ r2 :> {g2})
/\ grants = {g1}
/\ expect = (r1 :> 0 @@ r2 :> 0)
/\ observable = TRUE
/\ obsVer = (r1 :> 0 @@ r2 :> 0)

State 7: <Acquire line 118, col 5 to line 126, col 69 of module DeclaredStateReconcile>
/\ flipsLeft = 1
/\ toRemove = (r1 :> {} @@ r2 :> {})
/\ staleApplied = FALSE
/\ lock = "none"
/\ obsGrants = (r1 :> {g1} @@ r2 :> {g1})
/\ unobservableApplied = FALSE
/\ removedNeeded = FALSE
/\ ver = 0
/\ pc = (r1 :> "applying" @@ r2 :> "applying")
/\ editsLeft = 2
/\ toAdd = (r1 :> {g2} @@ r2 :> {g2})
/\ grants = {g1}
/\ expect = (r1 :> 0 @@ r2 :> 0)
/\ observable = TRUE
/\ obsVer = (r1 :> 0 @@ r2 :> 0)

11584 states generated, 5681 distinct states found, 3022 states left on queue.
The depth of the complete state graph search is 7.
The average outdegree of the complete state graph is 2 (minimum is 0, the maximum 7 and the 95th percentile is 5).
Finished in 00s at (2026-09-29 01:45:46)
