TLC2 Version 2.19 of 08 August 2024 (rev: 5a47802)
Warning: Please run the Java VM which executes TLC with a throughput optimized garbage collector by passing the "-XX:+UseParallelGC" property.
(Use the -nowarning option to disable this warning.)
Running breadth-first search Model-Checking with fp 103 and seed -6059420360474060964 with 4 workers on 32 cores with 23552MB heap and 64MB offheap memory [pid: 1] (Linux 7.0.0-34-generic amd64, Eclipse Adoptium 17.0.20.1 x86_64, MSBDiskFPSet, DiskStateQueue).
Parsing file /m/DelegationReaper.tla
Parsing file /tmp/Integers.tla
Parsing file /tmp/FiniteSets.tla
Parsing file /tmp/Naturals.tla
Parsing file /tmp/Sequences.tla
Semantic processing of module Naturals
Semantic processing of module Integers
Semantic processing of module Sequences
Semantic processing of module FiniteSets
Semantic processing of module DelegationReaper
Starting... (2026-10-02 13:02:18)
Implied-temporal checking--satisfiability problem has 2 branches.
Computing initial states...
Finished computing initial states: 1 distinct state generated at 2026-10-02 13:02:18.
Checking 2 branches of temporal properties for the current state space with 193996 total distinct states at (2026-10-02 13:02:21)
Finished checking temporal properties in 00s at 2026-10-02 13:02:22
Progress(13) at 2026-10-02 13:02:22: 364,619 states generated (364,619 s/min), 96,999 distinct states found (96,999 ds/min), 45,139 states left on queue.
Checking 2 branches of temporal properties for the current state space with 2673526 total distinct states at (2026-10-02 13:03:22)
Finished checking temporal properties in 18s at 2026-10-02 13:03:40
Progress(19) at 2026-10-02 13:03:40: 6,537,202 states generated (6,172,583 s/min), 1,336,767 distinct states found (1,239,768 ds/min), 288,794 states left on queue.
Progress(24) at 2026-10-02 13:04:15: 10,382,528 states generated, 1,961,564 distinct states found, 0 states left on queue.
Checking 2 branches of temporal properties for the complete state space with 3923128 total distinct states at (2026-10-02 13:04:15)
Finished checking temporal properties in 22s at 2026-10-02 13:04:38
Model checking completed. No error has been found.
  Estimates of the probability that TLC did not check all reachable states
  because two distinct states had the same fingerprint:
  calculated (optimistic):  val = 9.0E-7
  based on the actual fingerprints:  val = 3.8E-7
10382528 states generated, 1961564 distinct states found, 0 states left on queue.
The depth of the complete state graph search is 24.
The average outdegree of the complete state graph is 1 (minimum is 0, the maximum 10 and the 95th percentile is 3).
Finished in 02min 20s at (2026-10-02 13:04:38)
