TLC2 Version 2.19 of 08 August 2024 (rev: 5a47802)
Warning: Please run the Java VM which executes TLC with a throughput optimized garbage collector by passing the "-XX:+UseParallelGC" property.
(Use the -nowarning option to disable this warning.)
Running breadth-first search Model-Checking with fp 38 and seed 5613151048736727227 with 4 workers on 32 cores with 23552MB heap and 64MB offheap memory [pid: 1] (Linux 7.0.0-34-generic amd64, Eclipse Adoptium 17.0.20.1 x86_64, MSBDiskFPSet, DiskStateQueue).
Parsing file /m/DelegationReaper.tla
Parsing file /tmp/Integers.tla
Parsing file /tmp/FiniteSets.tla
Parsing file /tmp/Naturals.tla
Parsing file /tmp/Sequences.tla
Semantic processing of module Naturals
Semantic processing of module Integers
Semantic processing of module Sequences
Semantic processing of module FiniteSets
Semantic processing of module DelegationReaper
Starting... (2026-10-02 13:05:02)
Implied-temporal checking--satisfiability problem has 2 branches.
Computing initial states...
Finished computing initial states: 1 distinct state generated at 2026-10-02 13:05:02.
Checking 2 branches of temporal properties for the current state space with 267710 total distinct states at (2026-10-02 13:05:05)
Error: Temporal properties were violated.

Error: The following behavior constitutes a counter-example:

State 1: <Initial predicate>
/\ now = 0
/\ pc = [w1 |-> "idle", w2 |-> "idle", w3 |-> "idle", w4 |-> "idle"]
/\ slot = [c1 |-> <<"none", "none">>, c2 |-> <<"none", "none">>]
/\ copied = [c1 |-> FALSE, c2 |-> FALSE]
/\ reapSeen = [c1 |-> FALSE, c2 |-> FALSE]
/\ first = [c1 |-> "none", c2 |-> "none"]
/\ claimRow = [c1 |-> FALSE, c2 |-> FALSE]
/\ pub = {}
/\ kindOf = [w1 |-> "none", w2 |-> "none", w3 |-> "none", w4 |-> "none"]
/\ reapT = [c1 |-> -1, c2 |-> -1]
/\ evid = [c1 |-> {}, c2 |-> {}]

State 2: <ClaimA line 110, col 3 to line 116, col 65 of module DelegationReaper>
/\ now = 0
/\ pc = [w1 |-> "idle", w2 |-> "mid", w3 |-> "idle", w4 |-> "idle"]
/\ slot = [c1 |-> <<"none", "none">>, c2 |-> <<"none", "none">>]
/\ copied = [c1 |-> FALSE, c2 |-> FALSE]
/\ reapSeen = [c1 |-> FALSE, c2 |-> FALSE]
/\ first = [c1 |-> "none", c2 |-> "none"]
/\ claimRow = [c1 |-> FALSE, c2 |-> FALSE]
/\ pub = {}
/\ kindOf = [w1 |-> "none", w2 |-> "none", w3 |-> "none", w4 |-> "none"]
/\ reapT = [c1 |-> 0, c2 |-> -1]
/\ evid = [c1 |-> {}, c2 |-> {}]

State 3: <ClaimA line 110, col 3 to line 116, col 65 of module DelegationReaper>
/\ now = 0
/\ pc = [w1 |-> "mid", w2 |-> "mid", w3 |-> "idle", w4 |-> "idle"]
/\ slot = [c1 |-> <<"none", "none">>, c2 |-> <<"none", "none">>]
/\ copied = [c1 |-> FALSE, c2 |-> FALSE]
/\ reapSeen = [c1 |-> FALSE, c2 |-> FALSE]
/\ first = [c1 |-> "none", c2 |-> "none"]
/\ claimRow = [c1 |-> FALSE, c2 |-> FALSE]
/\ pub = {}
/\ kindOf = [w1 |-> "none", w2 |-> "none", w3 |-> "none", w4 |-> "none"]
/\ reapT = [c1 |-> 0, c2 |-> -1]
/\ evid = [c1 |-> {}, c2 |-> {}]

State 4: <Tick line 92, col 3 to line 94, col 88 of module DelegationReaper>
/\ now = 1
/\ pc = [w1 |-> "mid", w2 |-> "mid", w3 |-> "idle", w4 |-> "idle"]
/\ slot = [c1 |-> <<"none", "none">>, c2 |-> <<"none", "none">>]
/\ copied = [c1 |-> FALSE, c2 |-> FALSE]
/\ reapSeen = [c1 |-> FALSE, c2 |-> FALSE]
/\ first = [c1 |-> "none", c2 |-> "none"]
/\ claimRow = [c1 |-> FALSE, c2 |-> FALSE]
/\ pub = {}
/\ kindOf = [w1 |-> "none", w2 |-> "none", w3 |-> "none", w4 |-> "none"]
/\ reapT = [c1 |-> 0, c2 |-> -1]
/\ evid = [c1 |-> {}, c2 |-> {}]

State 5: <ClaimB line 121, col 3 to line 126, col 65 of module DelegationReaper>
/\ now = 1
/\ pc = [w1 |-> "mid", w2 |-> "running", w3 |-> "idle", w4 |-> "idle"]
/\ slot = [c1 |-> <<"none", "none">>, c2 |-> <<"none", "none">>]
/\ copied = [c1 |-> FALSE, c2 |-> FALSE]
/\ reapSeen = [c1 |-> FALSE, c2 |-> FALSE]
/\ first = [c1 |-> "c1", c2 |-> "none"]
/\ claimRow = [c1 |-> TRUE, c2 |-> FALSE]
/\ pub = {}
/\ kindOf = [w1 |-> "none", w2 |-> "none", w3 |-> "none", w4 |-> "none"]
/\ reapT = [c1 |-> 0, c2 |-> -1]
/\ evid = [c1 |-> {}, c2 |-> {}]

State 6: <ClaimB line 121, col 3 to line 126, col 65 of module DelegationReaper>
/\ now = 1
/\ pc = [w1 |-> "running", w2 |-> "running", w3 |-> "idle", w4 |-> "idle"]
/\ slot = [c1 |-> <<"none", "none">>, c2 |-> <<"none", "none">>]
/\ copied = [c1 |-> FALSE, c2 |-> FALSE]
/\ reapSeen = [c1 |-> FALSE, c2 |-> FALSE]
/\ first = [c1 |-> "c1", c2 |-> "none"]
/\ claimRow = [c1 |-> TRUE, c2 |-> FALSE]
/\ pub = {}
/\ kindOf = [w1 |-> "none", w2 |-> "none", w3 |-> "none", w4 |-> "none"]
/\ reapT = [c1 |-> 0, c2 |-> -1]
/\ evid = [c1 |-> {}, c2 |-> {}]

State 7: <Finish line 139, col 3 to line 142, col 81 of module DelegationReaper>
/\ now = 1
/\ pc = [w1 |-> "running", w2 |-> "finished", w3 |-> "idle", w4 |-> "idle"]
/\ slot = [c1 |-> <<"none", "none">>, c2 |-> <<"none", "none">>]
/\ copied = [c1 |-> FALSE, c2 |-> FALSE]
/\ reapSeen = [c1 |-> FALSE, c2 |-> FALSE]
/\ first = [c1 |-> "c1", c2 |-> "none"]
/\ claimRow = [c1 |-> TRUE, c2 |-> FALSE]
/\ pub = {}
/\ kindOf = [w1 |-> "none", w2 |-> "real", w3 |-> "none", w4 |-> "none"]
/\ reapT = [c1 |-> 0, c2 |-> -1]
/\ evid = [c1 |-> {}, c2 |-> {}]

State 8: <Crash line 148, col 3 to line 150, col 89 of module DelegationReaper>
/\ now = 1
/\ pc = [w1 |-> "running", w2 |-> "dead", w3 |-> "idle", w4 |-> "idle"]
/\ slot = [c1 |-> <<"none", "none">>, c2 |-> <<"none", "none">>]
/\ copied = [c1 |-> FALSE, c2 |-> FALSE]
/\ reapSeen = [c1 |-> FALSE, c2 |-> FALSE]
/\ first = [c1 |-> "c1", c2 |-> "none"]
/\ claimRow = [c1 |-> TRUE, c2 |-> FALSE]
/\ pub = {}
/\ kindOf = [w1 |-> "none", w2 |-> "real", w3 |-> "none", w4 |-> "none"]
/\ reapT = [c1 |-> 0, c2 |-> -1]
/\ evid = [c1 |-> {}, c2 |-> {}]

State 9: <Finish line 139, col 3 to line 142, col 81 of module DelegationReaper>
/\ now = 1
/\ pc = [w1 |-> "finished", w2 |-> "dead", w3 |-> "idle", w4 |-> "idle"]
/\ slot = [c1 |-> <<"none", "none">>, c2 |-> <<"none", "none">>]
/\ copied = [c1 |-> FALSE, c2 |-> FALSE]
/\ reapSeen = [c1 |-> FALSE, c2 |-> FALSE]
/\ first = [c1 |-> "c1", c2 |-> "none"]
/\ claimRow = [c1 |-> TRUE, c2 |-> FALSE]
/\ pub = {}
/\ kindOf = [w1 |-> "timeout", w2 |-> "real", w3 |-> "none", w4 |-> "none"]
/\ reapT = [c1 |-> 0, c2 |-> -1]
/\ evid = [c1 |-> {}, c2 |-> {}]

State 10: <Crash line 148, col 3 to line 150, col 89 of module DelegationReaper>
/\ now = 1
/\ pc = [w1 |-> "dead", w2 |-> "dead", w3 |-> "idle", w4 |-> "idle"]
/\ slot = [c1 |-> <<"none", "none">>, c2 |-> <<"none", "none">>]
/\ copied = [c1 |-> FALSE, c2 |-> FALSE]
/\ reapSeen = [c1 |-> FALSE, c2 |-> FALSE]
/\ first = [c1 |-> "c1", c2 |-> "none"]
/\ claimRow = [c1 |-> TRUE, c2 |-> FALSE]
/\ pub = {}
/\ kindOf = [w1 |-> "timeout", w2 |-> "real", w3 |-> "none", w4 |-> "none"]
/\ reapT = [c1 |-> 0, c2 |-> -1]
/\ evid = [c1 |-> {}, c2 |-> {}]

State 11: <Tick line 92, col 3 to line 94, col 88 of module DelegationReaper>
/\ now = 2
/\ pc = [w1 |-> "dead", w2 |-> "dead", w3 |-> "idle", w4 |-> "idle"]
/\ slot = [c1 |-> <<"none", "none">>, c2 |-> <<"none", "none">>]
/\ copied = [c1 |-> FALSE, c2 |-> FALSE]
/\ reapSeen = [c1 |-> FALSE, c2 |-> FALSE]
/\ first = [c1 |-> "c1", c2 |-> "none"]
/\ claimRow = [c1 |-> TRUE, c2 |-> FALSE]
/\ pub = {}
/\ kindOf = [w1 |-> "timeout", w2 |-> "real", w3 |-> "none", w4 |-> "none"]
/\ reapT = [c1 |-> 0, c2 |-> -1]
/\ evid = [c1 |-> {}, c2 |-> {}]

State 12: <Tick line 92, col 3 to line 94, col 88 of module DelegationReaper>
/\ now = 3
/\ pc = [w1 |-> "dead", w2 |-> "dead", w3 |-> "idle", w4 |-> "idle"]
/\ slot = [c1 |-> <<"none", "none">>, c2 |-> <<"none", "none">>]
/\ copied = [c1 |-> FALSE, c2 |-> FALSE]
/\ reapSeen = [c1 |-> FALSE, c2 |-> FALSE]
/\ first = [c1 |-> "c1", c2 |-> "none"]
/\ claimRow = [c1 |-> TRUE, c2 |-> FALSE]
/\ pub = {}
/\ kindOf = [w1 |-> "timeout", w2 |-> "real", w3 |-> "none", w4 |-> "none"]
/\ reapT = [c1 |-> 0, c2 |-> -1]
/\ evid = [c1 |-> {}, c2 |-> {}]

State 13: Stuttering
Finished checking temporal properties in 00s at 2026-10-02 13:05:05
540702 states generated, 133855 distinct states found, 47787 states left on queue.
Finished in 03s at (2026-10-02 13:05:05)
